Microchip MPLAB XC8 Compiler V2.35

Linker command line:

-W-3 --edf=C:\Program Files\Microchip\xc8\v2.35\pic\dat\en_msgs.txt -cn \
  -h+dist/default/production\Maestro_Postlab3.X.production.sym \
  --cmf=dist/default/production\Maestro_Postlab3.X.production.cmf -z \
  -Q16F887 -oC:\Users\Sergi\AppData\Local\Temp\xcAso5g.4 \
  --defsym=__MPLAB_BUILD=1 \
  -Mdist/default/production/Maestro_Postlab3.X.production.map \
  --md=C:\Users\Sergi\AppData\Local\Temp\xcAso5g.dat -E1 -ver=XC8 Compiler \
  --acfsm=1493 -ACODE=00h-07FFhx4 -ASTRCODE=00h-01FFFh -ASTRING=00h-0FFhx32 \
  -ACONST=00h-0FFhx32 -AENTRY=00h-0FFhx32 -ACOMMON=070h-07Fh \
  -ABANK0=020h-06Fh -ABANK1=0A0h-0EFh -ABANK2=0110h-016Fh \
  -ABANK3=0190h-01EFh -ARAM=020h-06Fh,0A0h-0EFh,0110h-016Fh,0190h-01EFh \
  -AABS1=020h-07Fh,0A0h-0EFh,0110h-016Fh,0190h-01EFh -ASFR0=00h-01Fh \
  -ASFR1=080h-09Fh -ASFR2=0100h-010Fh -ASFR3=0180h-018Fh \
  -ACONFIG=02007h-02008h -DCONFIG=2 -AIDLOC=02000h-02003h -DIDLOC=2 \
  -AEEDATA=00h-0FFh/02100h -peeprom_data=EEDATA -DEEDATA=2 -DCODE=2 \
  -DSTRCODE=2 -DSTRING=2 -DCONST=2 -DENTRY=2 \
  -preset_vec=00h,intentry=04h,init,end_init -ppowerup=CODE -pcinit=CODE \
  -pfunctab=ENTRY -k C:\Users\Sergi\AppData\Local\Temp\xcAso5g.o \
  dist/default/production\Maestro_Postlab3.X.production.o 

Object code version is 3.11

Machine type is 16F887



                Name                               Link     Load   Length Selector   Space Scale
C:\Users\Sergi\AppData\Local\Temp\xcAso5g.o
                end_init                              C        C        3        8       0
                reset_vec                             0        0        3        0       0
                config                             2007     2007        2        0       4
                idloc                              2000     2000        4        0       5
dist/default/production\Maestro_Postlab3.X.production.o
                cinit                                 F        F       10        8       0
                intentry                              4        4        8        8       0
                config                             2007     2007        2        0       4
                idloc                              2000     2000        4        0       5
                text26                             174E     174E        6     2E9C       0
                text25                             179C     179C       1D     2F38       0
                text24                             1788     1788       14     2F10       0
                text23                              7AA      7AA       51        8       0
                text22                             17DA     17DA       26     2FB4       0
                text21                             1778     1778       10     2EF0       0
                text20                              89D      89D       2D     113A       0
                text19                              872      872       2B     10E4       0
                text18                              8CA      8CA       39     1194       0
                text17                              380      380      340        8       0
                text16                              BE8      BE8      1DD     17D0       0
                text15                              849      849       29     1092       0
                text14                               1F       1F      361        8       0
                text13                              9E9      9E9       92     13D2       0
                text12                              B2C      B2C       BC     1658       0
                text11                              A7B      A7B       B1     14F6       0
                text10                              833      833       16     1066       0
                text9                              17B9     17B9       21     2F72       0
                text8                              1760     1760        7     2EC0       0
                text7                              176F     176F        9     2EDE       0
                text6                              1754     1754        6     2EA8       0
                text5                               93F      93F       46     127E       0
                text4                               903      903       3C     1206       0
                text3                               6C0      6C0       EA        8       0
                text2                               985      985       64     130A       0
                text1                              175A     175A        6     2EB4       0
                maintext                            DC5      DC5      23B     1B8A       0
                cstackBANK0                          20       20       50       20       1
                cstackCOMMON                         70       70        8       70       1
                cstackBANK1                          CD       CD       18       A0       1
                clrtext                            1767     1767        8     2ECE       0
                bssBANK1                             A0       A0       2D       A0       1
                bssCOMMON                            78       78        3       70       1
                strings                             800      800       2F     1000       0

TOTAL           Name                               Link     Load   Length     Space
        CLASS   CODE           
                end_init                              C        C        3         0
                cinit                                 F        F       10         0
                intentry                              4        4        8         0
                reset_vec                             0        0        3         0
                text26                             174E     174E        6         0
                text25                             179C     179C       1D         0
                text24                             1788     1788       14         0
                text23                              7AA      7AA       51         0
                text22                             17DA     17DA       26         0
                text21                             1778     1778       10         0
                text20                              89D      89D       2D         0
                text19                              872      872       2B         0
                text18                              8CA      8CA       39         0
                text17                              380      380      340         0
                text16                              BE8      BE8      1DD         0
                text15                              849      849       29         0
                text14                               1F       1F      361         0
                text13                              9E9      9E9       92         0
                text12                              B2C      B2C       BC         0
                text11                              A7B      A7B       B1         0
                text10                              833      833       16         0
                text9                              17B9     17B9       21         0
                text8                              1760     1760        7         0
                text7                              176F     176F        9         0
                text6                              1754     1754        6         0
                text5                               93F      93F       46         0
                text4                               903      903       3C         0
                text3                               6C0      6C0       EA         0
                text2                               985      985       64         0
                text1                              175A     175A        6         0
                maintext                            DC5      DC5      23B         0
                clrtext                            1767     1767        8         0

        CLASS   STRCODE        

        CLASS   STRING         
                strings                             800      800       2F         0

        CLASS   CONST          

        CLASS   ENTRY          

        CLASS   COMMON         
                cstackCOMMON                         70       70        8         1
                bssCOMMON                            78       78        3         1

        CLASS   BANK0          
                cstackBANK0                          20       20       50         1

        CLASS   BANK1          
                cstackBANK1                          CD       CD       18         1
                bssBANK1                             A0       A0       2D         1

        CLASS   BANK2          

        CLASS   BANK3          

        CLASS   RAM            

        CLASS   ABS1           
                abs_s1                               7E       7E        2         1

        CLASS   SFR0           

        CLASS   SFR1           

        CLASS   SFR2           

        CLASS   SFR3           

        CLASS   CONFIG         
                config                             2007     2007        2         4

        CLASS   IDLOC          
                idloc                              2000     2000        4         5

        CLASS   EEDATA         

        CLASS   STACK          



SEGMENTS        Name                           Load    Length   Top    Selector   Space  Class     Delta

                reset_vec                      000000  000003  000003         0       0  CODE        2
                intentry                       000004  0007F7  0007FB         8       0  CODE        2
                cstackBANK0                    000020  000050  000070        20       1  BANK0       1
                cstackCOMMON                   000070  00000B  00007B        70       1  COMMON      1
                bssBANK1                       0000A0  000045  0000E5        A0       1  BANK1       1
                strings                        000800  00002F  00082F      1000       0  STRING      2
                text10                         000833  000016  000849      1066       0  CODE        2
                text15                         000849  000029  000872      1092       0  CODE        2
                text19                         000872  00002B  00089D      10E4       0  CODE        2
                text20                         00089D  00002D  0008CA      113A       0  CODE        2
                text18                         0008CA  000039  000903      1194       0  CODE        2
                text4                          000903  00003C  00093F      1206       0  CODE        2
                text5                          00093F  000046  000985      127E       0  CODE        2
                text2                          000985  000064  0009E9      130A       0  CODE        2
                text13                         0009E9  000092  000A7B      13D2       0  CODE        2
                text11                         000A7B  0000B1  000B2C      14F6       0  CODE        2
                text12                         000B2C  0000BC  000BE8      1658       0  CODE        2
                text16                         000BE8  0001DD  000DC5      17D0       0  CODE        2
                maintext                       000DC5  00023B  001000      1B8A       0  CODE        2
                text26                         00174E  000006  001754      2E9C       0  CODE        2
                text6                          001754  000006  00175A      2EA8       0  CODE        2
                text1                          00175A  000006  001760      2EB4       0  CODE        2
                text8                          001760  000007  001767      2EC0       0  CODE        2
                clrtext                        001767  000008  00176F      2ECE       0  CODE        2
                text7                          00176F  000009  001778      2EDE       0  CODE        2
                text21                         001778  000010  001788      2EF0       0  CODE        2
                text24                         001788  000014  00179C      2F10       0  CODE        2
                text25                         00179C  00001D  0017B9      2F38       0  CODE        2
                text9                          0017B9  000021  0017DA      2F72       0  CODE        2
                text22                         0017DA  000026  001800      2FB4       0  CODE        2


UNUSED ADDRESS RANGES

        Name                Unused          Largest block    Delta
        BANK1            00E5-00EF              B           1
        BANK2            0110-016F             60           1
        BANK3            0190-01EF             60           1
        CODE             0003-0003              1           2
                         07FB-07FF              5
                         082F-0832              4
                         1000-174D            74E
                         1800-1FFF            800
        COMMON           007B-007D              3           1
        CONST            0003-0003              1           2
                         07FB-07FF              5
                         082F-0832              4
                         1000-174D            100
                         1800-1FFF            100
        EEDATA           2100-21FF            100           2
        ENTRY            0003-0003              1           2
                         07FB-07FF              5
                         082F-0832              4
                         1000-174D            100
                         1800-1FFF            100
        RAM              00E5-00EF              B           1
                         0110-016F             60
                         0190-01EF             60
        SFR0             0000-001F             20           1
        SFR1             0080-009F             20           1
        SFR2             0100-010F             10           1
        SFR3             0180-018F             10           1
        STRCODE          0003-0003              1           2
                         07FB-07FF              5
                         082F-0832              4
                         1000-174D            74E
                         1800-1FFF            800
        STRING           0003-0003              1           2
                         07FB-07FF              5
                         082F-0832              4
                         1000-174D            100
                         1800-1FFF            100

                                  Symbol Table

?__Umul8_16                cstackCOMMON 0073
?___fladd                  cstackBANK0  005E
?___fldiv                  cstackBANK0  002A
?___flmul                  cstackBANK0  0044
?___fltol                  cstackBANK1  00D1
?___lwdiv                  cstackCOMMON 0073
?___lwmod                  cstackBANK0  0023
?___wmul                   cstackCOMMON 0073
?___xxtofl                 cstackCOMMON 0073
?_map                      cstackBANK1  00DA
?_sprintf                  cstackBANK0  0029
Lcd8_Cmd@a                 cstackCOMMON 0075
Lcd8_Set_Cursor@a          cstackBANK0  0020
Lcd8_Set_Cursor@b          cstackCOMMON 0076
Lcd8_Set_Cursor@x          cstackBANK0  0021
Lcd8_Write_Char@a          cstackCOMMON 0074
Lcd8_Write_String@a        cstackCOMMON 0075
Lcd8_Write_String@i        cstackBANK0  0020
_ADRESH1                   bssBANK1     00B6
_ADRESH2                   bssBANK1     00B4
_ADRESL1                   bssBANK1     00B2
_ADRESL2                   bssBANK1     00B0
_ADREST1                   bssBANK1     00AE
_ADREST2                   bssBANK1     00AC
_ANSEL                     (abs)        0188
_ANSELH                    (abs)        0189
_CONT_TMR0                 bssCOMMON    0079
_DECI                      bssBANK1     00A4
_DECI2                     bssBANK1     00A0
_INTCONbits                (abs)        000B
_Lcd8_Cmd                  text24       1788
_Lcd8_Init                 text23       07AA
_Lcd8_Set_Cursor           text22       17DA
_Lcd8_Write_Char           text21       1778
_Lcd8_Write_String         text20       089D
_MAP1                      bssBANK1     00AA
_MAP2                      bssBANK1     00A8
_MOSTRAR                   bssCOMMON    0078
_OPTION_REGbits            (abs)        0081
_OSCCONbits                (abs)        008F
_PORTCbits                 (abs)        0007
_PORTD                     (abs)        0008
_PORTE                     (abs)        0009
_PORTEbits                 (abs)        0009
_RC6                       (abs)        003E
_RC7                       (abs)        003F
_SSPBUF                    (abs)        0013
_SSPCON                    (abs)        0014
_SSPSTAT                   (abs)        0094
_SSPSTATbits               (abs)        0094
_TMR0                      (abs)        0001
_TRISC3                    (abs)        043B
_TRISC5                    (abs)        043D
_TRISCbits                 (abs)        0087
_TRISD                     (abs)        0088
_TRISEbits                 (abs)        0089
_UNI                       bssBANK1     00A6
_UNI2                      bssBANK1     00A2
_VALORES1                  bssBANK1     00C3
_VALORES2                  bssBANK1     00B9
_VALOR_DESC                bssBANK1     00B8
__Habs1                    abs1         0000
__Hbank0                   bank0        0000
__Hbank1                   bank1        0000
__Hbank2                   bank2        0000
__Hbank3                   bank3        0000
__HbssBANK1                bssBANK1     0000
__HbssCOMMON               bssCOMMON    0000
__Hcinit                   cinit        001F
__Hclrtext                 clrtext      0000
__Hcode                    code         0000
__Hcommon                  common       0000
__Hconfig                  config       2009
__HcstackBANK0             cstackBANK0  0000
__HcstackBANK1             cstackBANK1  0000
__HcstackCOMMON            cstackCOMMON 0000
__Heeprom_data             eeprom_data  0000
__Hend_init                end_init     000F
__Hfunctab                 functab      0000
__Hidloc                   idloc        2004
__Hinit                    init         000C
__Hintentry                intentry     000C
__Hmaintext                maintext     0000
__Hpowerup                 powerup      0000
__Hram                     ram          0000
__Hreset_vec               reset_vec    0003
__Hsfr0                    sfr0         0000
__Hsfr1                    sfr1         0000
__Hsfr2                    sfr2         0000
__Hsfr3                    sfr3         0000
__Hspace_0                 (abs)        1800
__Hspace_1                 (abs)        00E5
__Hspace_2                 (abs)        0000
__Hspace_3                 (abs)        0000
__Hspace_4                 (abs)        4010
__Hstack                   stack        0000
__Hstrings                 strings      0000
__Htext                    text         0000
__Labs1                    abs1         0000
__Lbank0                   bank0        0000
__Lbank1                   bank1        0000
__Lbank2                   bank2        0000
__Lbank3                   bank3        0000
__LbssBANK1                bssBANK1     0000
__LbssCOMMON               bssCOMMON    0000
__Lcinit                   cinit        000F
__Lclrtext                 clrtext      0000
__Lcode                    code         0000
__Lcommon                  common       0000
__Lconfig                  config       0000
__LcstackBANK0             cstackBANK0  0000
__LcstackBANK1             cstackBANK1  0000
__LcstackCOMMON            cstackCOMMON 0000
__Leeprom_data             eeprom_data  0000
__Lend_init                end_init     000C
__Lfunctab                 functab      0000
__Lidloc                   idloc        0000
__Linit                    init         000C
__Lintentry                intentry     0004
__Lmaintext                maintext     0000
__Lpowerup                 powerup      0000
__Lram                     ram          0000
__Lreset_vec               reset_vec    0000
__Lsfr0                    sfr0         0000
__Lsfr1                    sfr1         0000
__Lsfr2                    sfr2         0000
__Lsfr3                    sfr3         0000
__Lspace_0                 (abs)        0000
__Lspace_1                 (abs)        0000
__Lspace_2                 (abs)        0000
__Lspace_3                 (abs)        0000
__Lspace_4                 (abs)        0000
__Lstack                   stack        0000
__Lstrings                 strings      0000
__Ltext                    text         0000
__S0                       (abs)        1800
__S1                       (abs)        00E5
__S3                       (abs)        0000
__Umul8_16                 text15       0849
__Umul8_16@multiplicand    cstackCOMMON 0073
__Umul8_16@multiplier      cstackBANK0  0024
__Umul8_16@product         cstackBANK0  0020
__Umul8_16@word_mpld       cstackBANK0  0022
___fladd                   text17       0380
___fladd@a                 cstackBANK0  0062
___fladd@aexp              cstackBANK1  00CE
___fladd@b                 cstackBANK0  005E
___fladd@bexp              cstackBANK1  00CF
___fladd@grs               cstackBANK1  00D0
___fladd@signs             cstackBANK1  00CD
___fldiv                   text16       0BE8
___fldiv@a                 cstackBANK0  002A
___fldiv@aexp              cstackBANK0  0043
___fldiv@b                 cstackBANK0  002E
___fldiv@bexp              cstackBANK0  0042
___fldiv@grs               cstackBANK0  003E
___fldiv@new_exp           cstackBANK0  003C
___fldiv@rem               cstackBANK0  0037
___fldiv@sign              cstackBANK0  003B
___flmul                   text14       001F
___flmul@a                 cstackBANK0  0048
___flmul@aexp              cstackBANK0  0056
___flmul@b                 cstackBANK0  0044
___flmul@bexp              cstackBANK0  0057
___flmul@grs               cstackBANK0  0052
___flmul@prod              cstackBANK0  0058
___flmul@sign              cstackBANK0  0051
___flmul@temp              cstackBANK0  005C
___fltol                   text13       09E9
___fltol@exp1              cstackBANK0  006F
___fltol@f1                cstackBANK1  00D1
___fltol@sign1             cstackBANK0  006E
___int_sp                  stack        0000
___latbits                 (abs)        0002
___lwdiv                   text5        093F
___lwdiv@counter           cstackBANK0  0020
___lwdiv@dividend          cstackCOMMON 0075
___lwdiv@divisor           cstackCOMMON 0073
___lwdiv@quotient          cstackBANK0  0021
___lwmod                   text4        0903
___lwmod@counter           cstackBANK0  0028
___lwmod@dividend          cstackBANK0  0025
___lwmod@divisor           cstackBANK0  0023
___sp                      stack        0000
___stackhi                 (abs)        0000
___stacklo                 (abs)        0000
___wmul                    text19       0872
___wmul@multiplicand       cstackCOMMON 0075
___wmul@multiplier         cstackCOMMON 0073
___wmul@product            cstackBANK0  0020
___xxtofl                  text12       0B2C
___xxtofl@arg              cstackBANK0  0026
___xxtofl@exp              cstackBANK0  0025
___xxtofl@sign             cstackBANK0  0024
___xxtofl@val              cstackCOMMON 0073
__end_of_Lcd8_Cmd          text24       179C
__end_of_Lcd8_Init         text23       07FB
__end_of_Lcd8_Set_Cursor   text22       1800
__end_of_Lcd8_Write_Char   text21       1788
__end_of_Lcd8_Write_String text20       08CA
__end_of__Umul8_16         text15       0872
__end_of___fladd           text17       06C0
__end_of___fldiv           text16       0DC5
__end_of___flmul           text14       0380
__end_of___fltol           text13       0A7B
__end_of___lwdiv           text5        0985
__end_of___lwmod           text4        093F
__end_of___wmul            text19       089D
__end_of___xxtofl          text12       0BE8
__end_of__initialization   cinit        001B
__end_of__stringtab        strings      0810
__end_of_dpowers           strings      081A
__end_of_int_osc_MHz       text18       0903
__end_of_isr               text25       17B9
__end_of_main              maintext     1000
__end_of_map               text11       0B2C
__end_of_setup             text9        17DA
__end_of_spiInit           text10       0849
__end_of_spiRead           text7        1778
__end_of_spiReceiveWait    text8        1767
__end_of_spiWrite          text6        175A
__end_of_sprintf           text3        07AA
__end_of_tmr0_init         text2        09E9
__end_of_tmr0_reload       text1        1760
__end_ofi1_tmr0_reload     text26       1754
__initialization           cinit        000F
__pbssBANK1                bssBANK1     00A0
__pbssCOMMON               bssCOMMON    0078
__pcstackBANK0             cstackBANK0  0020
__pcstackBANK1             cstackBANK1  00CD
__pcstackCOMMON            cstackCOMMON 0070
__pintentry                intentry     0004
__pmaintext                maintext     0DC5
__pstrings                 strings      0800
__ptext1                   text1        175A
__ptext10                  text10       0833
__ptext11                  text11       0A7B
__ptext12                  text12       0B2C
__ptext13                  text13       09E9
__ptext14                  text14       001F
__ptext15                  text15       0849
__ptext16                  text16       0BE8
__ptext17                  text17       0380
__ptext18                  text18       08CA
__ptext19                  text19       0872
__ptext2                   text2        0985
__ptext20                  text20       089D
__ptext21                  text21       1778
__ptext22                  text22       17DA
__ptext23                  text23       07AA
__ptext24                  text24       1788
__ptext25                  text25       179C
__ptext26                  text26       174E
__ptext3                   text3        06C0
__ptext4                   text4        0903
__ptext5                   text5        093F
__ptext6                   text6        1754
__ptext7                   text7        176F
__ptext8                   text8        1760
__ptext9                   text9        17B9
__stringbase               strings      080F
__stringtab                strings      0800
_dpowers                   strings      0810
_i                         bssCOMMON    007A
_int_osc_MHz               text18       08CA
_isr                       text25       179C
_main                      maintext     0DC5
_map                       text11       0A7B
_setup                     text9        17B9
_spiInit                   text10       0833
_spiRead                   text7        176F
_spiReceiveWait            text8        1760
_spiWrite                  text6        1754
_sprintf                   text3        06C0
_tmr0_init                 text2        0985
_tmr0_reload               text1        175A
btemp                      (abs)        007E
clear_ram0                 clrtext      1767
end_of_initialization      cinit        001B
i1_tmr0_reload             text26       174E
int_osc_MHz@freq           cstackCOMMON 0075
interrupt_function         intentry     0004
intlevel0                  functab      0000
intlevel1                  functab      0000
intlevel2                  functab      0000
intlevel3                  functab      0000
intlevel4                  functab      0000
intlevel5                  functab      0000
map@x                      cstackBANK1  00DA
map@x0                     cstackBANK1  00DC
map@x1                     cstackBANK1  00DD
map@y0                     cstackBANK1  00DF
map@y1                     cstackBANK1  00E1
reset_vec                  reset_vec    0000
saved_w                    (abs)        007E
spiInit@sClockIdle         cstackCOMMON 0074
spiInit@sDataSample        cstackCOMMON 0073
spiInit@sTransmitEdge      cstackCOMMON 0075
spiInit@sType              cstackCOMMON 0076
spiWrite@dat               cstackCOMMON 0073
sprintf@ap                 cstackBANK0  0031
sprintf@c                  cstackBANK0  0037
sprintf@f                  cstackBANK0  0029
sprintf@flag               cstackBANK0  0032
sprintf@prec               cstackBANK0  0033
sprintf@sp                 cstackBANK0  0036
sprintf@val                cstackBANK0  0034
start                      init         000C
start_initialization       cinit        000F
tmr0_init@prescaler        cstackCOMMON 0075
wtemp0                     (abs)        007E


MODULE INFORMATION

Module		Function		Class		Link	Load	Size
Main_Maestro.c
		_map           		CODE           	0A7B	0000	177
		_main          		CODE           	0DC5	0000	571
		_isr           		CODE           	179C	0000	29
		_setup         		CODE           	17B9	0000	33

Main_Maestro.c estimated size: 810

C:\Program Files\Microchip\xc8\v2.35\pic\sources\c90\common\xxtofl.c
		___xxtofl      		CODE           	0B2C	0000	188

C:\Program Files\Microchip\xc8\v2.35\pic\sources\c90\common\xxtofl.c estimated size: 188

C:\Program Files\Microchip\xc8\v2.35\pic\sources\c90\common\lwdiv.c
		___lwdiv       		CODE           	093F	0000	70

C:\Program Files\Microchip\xc8\v2.35\pic\sources\c90\common\lwdiv.c estimated size: 70

C:\Program Files\Microchip\xc8\v2.35\pic\sources\c90\common\fltol.c
		___fltol       		CODE           	09E9	0000	146

C:\Program Files\Microchip\xc8\v2.35\pic\sources\c90\common\fltol.c estimated size: 146

C:\Program Files\Microchip\xc8\v2.35\pic\sources\c90\common\doprnt.c
		_sprintf       		CODE           	06C0	0000	234

C:\Program Files\Microchip\xc8\v2.35\pic\sources\c90\common\doprnt.c estimated size: 234

C:\Program Files\Microchip\xc8\v2.35\pic\sources\c90\common\sprcmul.c
		___flmul       		CODE           	001F	0000	865

C:\Program Files\Microchip\xc8\v2.35\pic\sources\c90\common\sprcmul.c estimated size: 865

Oscilador.c
		_int_osc_MHz   		CODE           	08CA	0000	57

Oscilador.c estimated size: 57

C:\Program Files\Microchip\xc8\v2.35\pic\sources\c90\common\sprcdiv.c
		___fldiv       		CODE           	0BE8	0000	477

C:\Program Files\Microchip\xc8\v2.35\pic\sources\c90\common\sprcdiv.c estimated size: 477

TMR0.c
		_tmr0_reload   		CODE           	175A	0000	6
		_tmr0_init     		CODE           	0985	0000	100

TMR0.c estimated size: 106

shared
		__stringtab    		STRING         	0800	0000	16
		_dpowers       		STRING         	0810	0000	10
		__initialization		CODE           	000F	0000	12
		i1_tmr0_reload 		CODE           	174E	0000	6

shared estimated size: 44

C:\Program Files\Microchip\xc8\v2.35\pic\sources\c90\common\Umul16.c
		___wmul        		CODE           	0872	0000	43

C:\Program Files\Microchip\xc8\v2.35\pic\sources\c90\common\Umul16.c estimated size: 43

C:\Program Files\Microchip\xc8\v2.35\pic\sources\c90\common\Umul8_16.c
		__Umul8_16     		CODE           	0849	0000	41

C:\Program Files\Microchip\xc8\v2.35\pic\sources\c90\common\Umul8_16.c estimated size: 41

SPI.c
		_spiWrite      		CODE           	1754	0000	6
		_spiInit       		CODE           	0833	0000	22
		_spiReceiveWait		CODE           	1760	0000	7
		_spiRead       		CODE           	176F	0000	9

SPI.c estimated size: 44

C:\Program Files\Microchip\xc8\v2.35\pic\sources\c90\common\lwmod.c
		___lwmod       		CODE           	0903	0000	60

C:\Program Files\Microchip\xc8\v2.35\pic\sources\c90\common\lwmod.c estimated size: 60

C:\Program Files\Microchip\xc8\v2.35\pic\sources\c90\common\sprcadd.c
		___fladd       		CODE           	0380	0000	832

C:\Program Files\Microchip\xc8\v2.35\pic\sources\c90\common\sprcadd.c estimated size: 832

LCD.c
		_Lcd8_Write_String		CODE           	089D	0000	45
		_Lcd8_Set_Cursor		CODE           	17DA	0000	38
		_Lcd8_Init     		CODE           	07AA	0000	81
		_Lcd8_Write_Char		CODE           	1778	0000	16
		_Lcd8_Cmd      		CODE           	1788	0000	20

LCD.c estimated size: 200

